2026-09-13 19:04:09: Accepted generated code with a RAG citation from repo -  and Filepath: /home/olteanuionutsebastian/.cache/cloud-code/index.html for TextDocument: file:///home/olteanuionutsebastian/.cache/cloud-code/contact.js, InsertPosition: Ln:0, Col:0

2026-09-13 19:08:46: Accepted generated code with a RAG citation from repo -  and Filepath: /home/olteanuionutsebastian/.cache/cloud-code/index.html for TextDocument: file:///home/olteanuionutsebastian/.cache/cloud-code/index.html, InsertPosition: Ln:240, Col:0

2026-09-13 19:08:46: Accepted generated code with a RAG citation from repo -  and Filepath: /home/olteanuionutsebastian/.cache/cloud-code/index.html for TextDocument: file:///home/olteanuionutsebastian/.cache/cloud-code/index.html, InsertPosition: Ln:240, Col:0

2026-09-13 19:10:30: Accepted generated code with a RAG citation from repo -  and Filepath: /home/olteanuionutsebastian/.cache/cloud-code/index.html for TextDocument: file:///home/olteanuionutsebastian/.cache/cloud-code/Homepage.html, InsertPosition: Ln:0, Col:0

2026-09-13 19:10:30: Accepted generated code with a RAG citation from repo -  and Filepath: /home/olteanuionutsebastian/.cache/cloud-code/index.html for TextDocument: file:///home/olteanuionutsebastian/.cache/cloud-code/Homepage.html, InsertPosition: Ln:0, Col:0

2026-09-13 19:10:30: Accepted generated code with a RAG citation from repo -  and Filepath: /home/olteanuionutsebastian/.cache/cloud-code/index.html for TextDocument: file:///home/olteanuionutsebastian/.cache/cloud-code/Homepage.html, InsertPosition: Ln:0, Col:0

2026-09-13 19:10:30: Accepted generated code with a RAG citation from repo -  and Filepath: /home/olteanuionutsebastian/.cache/cloud-code/index.html for TextDocument: file:///home/olteanuionutsebastian/.cache/cloud-code/Homepage.html, InsertPosition: Ln:0, Col:0

2026-09-13 19:10:30: Accepted generated code with a RAG citation from repo -  and Filepath: /home/olteanuionutsebastian/.cache/cloud-code/index.html for TextDocument: file:///home/olteanuionutsebastian/.cache/cloud-code/Homepage.html, InsertPosition: Ln:0, Col:0

2026-09-13 19:10:30: Accepted generated code with a RAG citation from repo -  and Filepath: /home/olteanuionutsebastian/.cache/cloud-code/index.html for TextDocument: file:///home/olteanuionutsebastian/.cache/cloud-code/Homepage.html, InsertPosition: Ln:0, Col:0

2026-09-13 19:10:30: Accepted generated code with a RAG citation from repo -  and Filepath: /home/olteanuionutsebastian/.cache/cloud-code/index.html for TextDocument: file:///home/olteanuionutsebastian/.cache/cloud-code/Homepage.html, InsertPosition: Ln:0, Col:0

2026-09-13 19:10:52: Accepted generated code with a RAG citation from repo -  and Filepath: /home/olteanuionutsebastian/.cache/cloud-code/index.html for TextDocument: file:///home/olteanuionutsebastian/.cache/cloud-code/Homepage.html, InsertPosition: Ln:240, Col:2

2026-09-13 19:10:52: Accepted generated code with a RAG citation from repo -  and Filepath: /home/olteanuionutsebastian/.cache/cloud-code/index.html for TextDocument: file:///home/olteanuionutsebastian/.cache/cloud-code/Homepage.html, InsertPosition: Ln:240, Col:2

2026-09-13 19:10:52: Accepted generated code with a RAG citation from repo -  and Filepath: /home/olteanuionutsebastian/.cache/cloud-code/index.html for TextDocument: file:///home/olteanuionutsebastian/.cache/cloud-code/Homepage.html, InsertPosition: Ln:240, Col:2

2026-09-13 19:11:52: Accepted generated code with a RAG citation from repo -  and Filepath: /home/olteanuionutsebastian/.cache/cloud-code/index.html for TextDocument: file:///home/olteanuionutsebastian/.cache/cloud-code/Homepage.html, InsertPosition: Ln:242, Col:12

2026-09-13 19:11:52: Accepted generated code with a RAG citation from repo -  and Filepath: /home/olteanuionutsebastian/.cache/cloud-code/index.html for TextDocument: file:///home/olteanuionutsebastian/.cache/cloud-code/Homepage.html, InsertPosition: Ln:242, Col:12

2026-09-13 19:11:52: Accepted generated code with a RAG citation from repo -  and Filepath: /home/olteanuionutsebastian/.cache/cloud-code/index.html for TextDocument: file:///home/olteanuionutsebastian/.cache/cloud-code/Homepage.html, InsertPosition: Ln:242, Col:12

2026-09-13 19:13:28: Accepted generated code with a RAG citation from repo -  and Filepath: /home/olteanuionutsebastian/.cache/cloud-code/index.html for TextDocument: file:///home/olteanuionutsebastian/.cache/cloud-code/index.html, InsertPosition: Ln:0, Col:0

2026-09-13 19:13:28: Accepted generated code with a RAG citation from repo -  and Filepath: /home/olteanuionutsebastian/.cache/cloud-code/index.html for TextDocument: file:///home/olteanuionutsebastian/.cache/cloud-code/index.html, InsertPosition: Ln:0, Col:0

2026-09-13 19:13:28: Accepted generated code with a RAG citation from repo -  and Filepath: /home/olteanuionutsebastian/.cache/cloud-code/index.html for TextDocument: file:///home/olteanuionutsebastian/.cache/cloud-code/index.html, InsertPosition: Ln:0, Col:0

2026-09-13 19:13:28: Accepted generated code with a RAG citation from repo -  and Filepath: /home/olteanuionutsebastian/.cache/cloud-code/index.html for TextDocument: file:///home/olteanuionutsebastian/.cache/cloud-code/index.html, InsertPosition: Ln:0, Col:0

2026-09-13 19:13:28: Accepted generated code with a RAG citation from repo -  and Filepath: /home/olteanuionutsebastian/.cache/cloud-code/index.html for TextDocument: file:///home/olteanuionutsebastian/.cache/cloud-code/index.html, InsertPosition: Ln:0, Col:0

2026-09-13 19:13:28: Accepted generated code with a RAG citation from repo -  and Filepath: /home/olteanuionutsebastian/.cache/cloud-code/index.html for TextDocument: file:///home/olteanuionutsebastian/.cache/cloud-code/index.html, InsertPosition: Ln:0, Col:0

2026-09-13 19:13:28: Accepted generated code with a RAG citation from repo -  and Filepath: /home/olteanuionutsebastian/.cache/cloud-code/index.html for TextDocument: file:///home/olteanuionutsebastian/.cache/cloud-code/index.html, InsertPosition: Ln:0, Col:0

2026-09-13 19:13:28: Accepted generated code with a RAG citation from repo -  and Filepath: /home/olteanuionutsebastian/.cache/cloud-code/Homepage.html for TextDocument: file:///home/olteanuionutsebastian/.cache/cloud-code/index.html, InsertPosition: Ln:0, Col:0

2026-09-13 19:17:49: Accepted generated code with a RAG citation from repo -  and Filepath: /home/olteanuionutsebastian/.cache/cloud-code/index.html for TextDocument: file:///home/olteanuionutsebastian/.cache/cloud-code/Homepage.html, InsertPosition: Ln:0, Col:0

2026-09-13 19:17:49: Accepted generated code with a RAG citation from repo -  and Filepath: /home/olteanuionutsebastian/.cache/cloud-code/index.html for TextDocument: file:///home/olteanuionutsebastian/.cache/cloud-code/Homepage.html, InsertPosition: Ln:0, Col:0

2026-09-13 19:17:49: Accepted generated code with a RAG citation from repo -  and Filepath: /home/olteanuionutsebastian/.cache/cloud-code/index.html for TextDocument: file:///home/olteanuionutsebastian/.cache/cloud-code/Homepage.html, InsertPosition: Ln:0, Col:0

2026-09-13 19:17:50: Accepted generated code with a RAG citation from repo -  and Filepath: /home/olteanuionutsebastian/.cache/cloud-code/index.html for TextDocument: file:///home/olteanuionutsebastian/.cache/cloud-code/Homepage.html, InsertPosition: Ln:0, Col:0

2026-09-13 19:17:50: Accepted generated code with a RAG citation from repo -  and Filepath: /home/olteanuionutsebastian/.cache/cloud-code/index.html for TextDocument: file:///home/olteanuionutsebastian/.cache/cloud-code/Homepage.html, InsertPosition: Ln:0, Col:0

2026-09-13 19:17:50: Accepted generated code with a RAG citation from repo -  and Filepath: /home/olteanuionutsebastian/.cache/cloud-code/index.html for TextDocument: file:///home/olteanuionutsebastian/.cache/cloud-code/Homepage.html, InsertPosition: Ln:0, Col:0

2026-09-13 19:17:50: Accepted generated code with a RAG citation from repo -  and Filepath: /home/olteanuionutsebastian/.cache/cloud-code/index.html for TextDocument: file:///home/olteanuionutsebastian/.cache/cloud-code/Homepage.html, InsertPosition: Ln:0, Col:0

2026-09-13 19:17:50: Accepted generated code with a RAG citation from repo -  and Filepath: /home/olteanuionutsebastian/.cache/cloud-code/Homepage.html for TextDocument: file:///home/olteanuionutsebastian/.cache/cloud-code/Homepage.html, InsertPosition: Ln:0, Col:0

2026-09-13 19:28:39: Accepted generated code with a RAG citation from repo -  and Filepath: /home/olteanuionutsebastian/.cache/cloud-code/Homepage.html for TextDocument: file:///home/olteanuionutsebastian/.cache/cloud-code/index.html, InsertPosition: Ln:0, Col:0

2026-09-14 18:18:25: Accepted generated code with a RAG citation from repo -  and Filepath: /home/olteanuionutsebastian/.cache/cloud-code/services.js for TextDocument: file:///home/olteanuionutsebastian/.cache/cloud-code/services.js, InsertPosition: Ln:0, Col:0

2026-09-15 17:31:36: Accepted generated code with a RAG citation from repo -  and Filepath: /home/olteanuionutsebastian/.cache/cloud-code/contact.js for TextDocument: file:///home/olteanuionutsebastian/.cache/cloud-code/contact.js, InsertPosition: Ln:0, Col:0

2026-09-15 17:36:00: Accepted generated code with a RAG citation from repo -  and Filepath: /home/olteanuionutsebastian/.cache/cloud-code/index.html for TextDocument: file:///home/olteanuionutsebastian/.cache/cloud-code/index.html, InsertPosition: Ln:0, Col:0

2026-09-15 17:36:00: Accepted generated code with a RAG citation from repo -  and Filepath: /home/olteanuionutsebastian/.cache/cloud-code/index.html for TextDocument: file:///home/olteanuionutsebastian/.cache/cloud-code/index.html, InsertPosition: Ln:0, Col:0

2026-09-15 17:51:11: Accepted generated code with a RAG citation from repo -  and Filepath: /home/olteanuionutsebastian/.cache/cloud-code/index.html for TextDocument: file:///home/olteanuionutsebastian/.cache/cloud-code/index.html, InsertPosition: Ln:223, Col:8

2026-09-15 18:23:54: Accepted generated code with a RAG citation from repo -  and Filepath: /home/olteanuionutsebastian/.cache/cloud-code/services.js for TextDocument: file:///home/olteanuionutsebastian/.cache/cloud-code/services.js, InsertPosition: Ln:0, Col:0

2026-09-15 18:23:54: Accepted generated code with a RAG citation from repo -  and Filepath: /home/olteanuionutsebastian/.cache/cloud-code/services.js for TextDocument: file:///home/olteanuionutsebastian/.cache/cloud-code/services.js, InsertPosition: Ln:0, Col:0

2026-09-15 18:23:54: Accepted generated code with a RAG citation from repo -  and Filepath: /home/olteanuionutsebastian/.cache/cloud-code/services.js for TextDocument: file:///home/olteanuionutsebastian/.cache/cloud-code/services.js, InsertPosition: Ln:0, Col:0

2026-09-15 18:23:54: Accepted generated code with a RAG citation from repo -  and Filepath: /home/olteanuionutsebastian/.cache/cloud-code/services.js for TextDocument: file:///home/olteanuionutsebastian/.cache/cloud-code/services.js, InsertPosition: Ln:0, Col:0

